------------------------------------------------------------
Timing Analyzer Summary
------------------------------------------------------------

Type  : Slow 1200mV 85C Model Setup 'FSM:FSM|state.s1'
Slack : -6.316
TNS   : -17.860

Type  : Slow 1200mV 85C Model Setup 'FSM:FSM|state.s0'
Slack : -3.845
TNS   : -3.845

Type  : Slow 1200mV 85C Model Setup 'KEY[0]'
Slack : -1.807
TNS   : -12.191

Type  : Slow 1200mV 85C Model Setup 'FSM:FSM|state.s2'
Slack : -1.158
TNS   : -3.069

Type  : Slow 1200mV 85C Model Hold 'FSM:FSM|state.s1'
Slack : 0.111
TNS   : 0.000

Type  : Slow 1200mV 85C Model Hold 'FSM:FSM|state.s2'
Slack : 0.239
TNS   : 0.000

Type  : Slow 1200mV 85C Model Hold 'KEY[0]'
Slack : 0.581
TNS   : 0.000

Type  : Slow 1200mV 85C Model Hold 'FSM:FSM|state.s0'
Slack : 3.202
TNS   : 0.000

Type  : Slow 1200mV 85C Model Minimum Pulse Width 'KEY[0]'
Slack : -3.000
TNS   : -17.030

Type  : Slow 1200mV 85C Model Minimum Pulse Width 'FSM:FSM|state.s2'
Slack : 0.402
TNS   : 0.000

Type  : Slow 1200mV 85C Model Minimum Pulse Width 'FSM:FSM|state.s0'
Slack : 0.414
TNS   : 0.000

Type  : Slow 1200mV 85C Model Minimum Pulse Width 'FSM:FSM|state.s1'
Slack : 0.427
TNS   : 0.000

Type  : Slow 1200mV 0C Model Setup 'FSM:FSM|state.s1'
Slack : -5.856
TNS   : -16.215

Type  : Slow 1200mV 0C Model Setup 'FSM:FSM|state.s0'
Slack : -3.509
TNS   : -3.509

Type  : Slow 1200mV 0C Model Setup 'KEY[0]'
Slack : -1.617
TNS   : -11.070

Type  : Slow 1200mV 0C Model Setup 'FSM:FSM|state.s2'
Slack : -1.031
TNS   : -2.764

Type  : Slow 1200mV 0C Model Hold 'FSM:FSM|state.s1'
Slack : 0.141
TNS   : 0.000

Type  : Slow 1200mV 0C Model Hold 'FSM:FSM|state.s2'
Slack : 0.308
TNS   : 0.000

Type  : Slow 1200mV 0C Model Hold 'KEY[0]'
Slack : 0.544
TNS   : 0.000

Type  : Slow 1200mV 0C Model Hold 'FSM:FSM|state.s0'
Slack : 2.994
TNS   : 0.000

Type  : Slow 1200mV 0C Model Minimum Pulse Width 'KEY[0]'
Slack : -3.000
TNS   : -17.030

Type  : Slow 1200mV 0C Model Minimum Pulse Width 'FSM:FSM|state.s1'
Slack : 0.414
TNS   : 0.000

Type  : Slow 1200mV 0C Model Minimum Pulse Width 'FSM:FSM|state.s2'
Slack : 0.417
TNS   : 0.000

Type  : Slow 1200mV 0C Model Minimum Pulse Width 'FSM:FSM|state.s0'
Slack : 0.427
TNS   : 0.000

Type  : Fast 1200mV 0C Model Setup 'FSM:FSM|state.s1'
Slack : -3.013
TNS   : -7.077

Type  : Fast 1200mV 0C Model Setup 'FSM:FSM|state.s0'
Slack : -1.676
TNS   : -1.676

Type  : Fast 1200mV 0C Model Setup 'FSM:FSM|state.s2'
Slack : -0.349
TNS   : -0.436

Type  : Fast 1200mV 0C Model Setup 'KEY[0]'
Slack : -0.344
TNS   : -0.860

Type  : Fast 1200mV 0C Model Hold 'FSM:FSM|state.s2'
Slack : 0.129
TNS   : 0.000

Type  : Fast 1200mV 0C Model Hold 'KEY[0]'
Slack : 0.223
TNS   : 0.000

Type  : Fast 1200mV 0C Model Hold 'FSM:FSM|state.s1'
Slack : 0.439
TNS   : 0.000

Type  : Fast 1200mV 0C Model Hold 'FSM:FSM|state.s0'
Slack : 1.981
TNS   : 0.000

Type  : Fast 1200mV 0C Model Minimum Pulse Width 'KEY[0]'
Slack : -3.000
TNS   : -14.044

Type  : Fast 1200mV 0C Model Minimum Pulse Width 'FSM:FSM|state.s1'
Slack : 0.341
TNS   : 0.000

Type  : Fast 1200mV 0C Model Minimum Pulse Width 'FSM:FSM|state.s2'
Slack : 0.363
TNS   : 0.000

Type  : Fast 1200mV 0C Model Minimum Pulse Width 'FSM:FSM|state.s0'
Slack : 0.447
TNS   : 0.000

------------------------------------------------------------
